// Jest Snapshot v1, https://goo.gl/fbAQLP

exports[`renders correctly 1`] = `
<div
  className="initials  "
>
  <p>
    J b
  </p>
</div>
`;
